\BOOKMARK [1][-]{section.1}{\376\377\000I\000n\000t\000r\000o\000d\000u\000c\000t\000i\000o\000n}{}% 1
\BOOKMARK [2][-]{subsection.1.1}{\376\377\000B\000a\000c\000k\000g\000r\000o\000u\000n\000d\000\040\000a\000n\000d\000\040\000m\000o\000t\000i\000v\000a\000t\000i\000o\000n}{section.1}% 2
\BOOKMARK [2][-]{subsection.1.2}{\376\377\000E\000x\000i\000s\000t\000i\000n\000g\000\040\000a\000p\000p\000r\000o\000a\000c\000h\000e\000s\000\040\000a\000n\000d\000\040\000l\000i\000m\000i\000t\000a\000t\000i\000o\000n\000s}{section.1}% 3
\BOOKMARK [2][-]{subsection.1.3}{\376\377\000R\000e\000s\000e\000a\000r\000c\000h\000\040\000g\000a\000p}{section.1}% 4
\BOOKMARK [2][-]{subsection.1.4}{\376\377\000O\000b\000j\000e\000c\000t\000i\000v\000e\000s\000\040\000a\000n\000d\000\040\000c\000o\000n\000t\000r\000i\000b\000u\000t\000i\000o\000n\000s}{section.1}% 5
\BOOKMARK [1][-]{section.2}{\376\377\000M\000a\000t\000e\000r\000i\000a\000l\000s\000\040\000a\000n\000d\000\040\000M\000e\000t\000h\000o\000d\000s}{}% 6
\BOOKMARK [2][-]{subsection.2.1}{\376\377\000S\000t\000u\000d\000y\000\040\000a\000r\000e\000a\000\040\000a\000n\000d\000\040\000m\000o\000n\000i\000t\000o\000r\000i\000n\000g\000\040\000s\000i\000t\000e\000s}{section.2}% 7
\BOOKMARK [2][-]{subsection.2.2}{\376\377\000D\000a\000t\000a\000\040\000s\000o\000u\000r\000c\000e\000s}{section.2}% 8
\BOOKMARK [3][-]{subsubsection.2.2.1}{\376\377\000C\000P\000C\000B\000\040\000g\000r\000o\000u\000n\000d\000\040\000m\000e\000a\000s\000u\000r\000e\000m\000e\000n\000t\000s}{subsection.2.2}% 9
\BOOKMARK [3][-]{subsubsection.2.2.2}{\376\377\000M\000e\000t\000e\000o\000r\000o\000l\000o\000g\000i\000c\000a\000l\000\040\000d\000a\000t\000a}{subsection.2.2}% 10
\BOOKMARK [3][-]{subsubsection.2.2.3}{\376\377\000S\000a\000t\000e\000l\000l\000i\000t\000e\000\040\000d\000a\000t\000a\000\040\000\050\000S\000e\000n\000t\000i\000n\000e\000l\000-\0005\000P\000\040\000T\000R\000O\000P\000O\000M\000I\000\051}{subsection.2.2}% 11
\BOOKMARK [3][-]{subsubsection.2.2.4}{\376\377\000S\000t\000a\000t\000i\000c\000\040\000l\000a\000n\000d\000-\000u\000s\000e\000\040\000f\000e\000a\000t\000u\000r\000e\000s}{subsection.2.2}% 12
\BOOKMARK [2][-]{subsection.2.3}{\376\377\000F\000e\000a\000t\000u\000r\000e\000\040\000e\000n\000g\000i\000n\000e\000e\000r\000i\000n\000g}{section.2}% 13
\BOOKMARK [2][-]{subsection.2.4}{\376\377\000M\000o\000d\000e\000l\000i\000n\000g\000\040\000f\000r\000a\000m\000e\000w\000o\000r\000k}{section.2}% 14
\BOOKMARK [3][-]{subsubsection.2.4.1}{\376\377\000S\000t\000a\000g\000e\000\040\0001\000\040\040\023\000\040\000D\000a\000i\000l\000y\000\040\000b\000a\000c\000k\000g\000r\000o\000u\000n\000d\000\040\000e\000s\000t\000i\000m\000a\000t\000o\000r}{subsection.2.4}% 15
\BOOKMARK [3][-]{subsubsection.2.4.2}{\376\377\000S\000t\000a\000g\000e\000\040\0002\000\040\040\023\000\040\000S\000p\000a\000t\000i\000o\000T\000e\000m\000p\000o\000r\000a\000l\000H\000y\000b\000r\000i\000d\000N\000e\000t}{subsection.2.4}% 16
\BOOKMARK [3][-]{subsubsection.2.4.3}{\376\377\000M\000u\000l\000t\000i\000p\000l\000i\000c\000a\000t\000i\000v\000e\000\040\000m\000a\000p\000p\000i\000n\000g}{subsection.2.4}% 17
\BOOKMARK [2][-]{subsection.2.5}{\376\377\000T\000r\000a\000i\000n\000i\000n\000g\000\040\000o\000b\000j\000e\000c\000t\000i\000v\000e\000\040\000a\000n\000d\000\040\000o\000p\000t\000i\000m\000i\000z\000a\000t\000i\000o\000n}{section.2}% 18
\BOOKMARK [2][-]{subsection.2.6}{\376\377\000G\000e\000o\000g\000r\000a\000p\000h\000i\000c\000a\000l\000\040\000h\000o\000l\000d\000o\000u\000t\000\040\000d\000e\000s\000i\000g\000n\000\040\000a\000n\000d\000\040\000e\000v\000a\000l\000u\000a\000t\000i\000o\000n\000\040\000p\000r\000o\000t\000o\000c\000o\000l}{section.2}% 19
\BOOKMARK [1][-]{section.3}{\376\377\000R\000e\000s\000u\000l\000t\000s}{}% 20
\BOOKMARK [2][-]{subsection.3.1}{\376\377\000S\000t\000a\000g\000e\000-\0001\000\040\000d\000a\000i\000l\000y\000\040\000b\000a\000s\000e\000l\000i\000n\000e\000\040\000p\000e\000r\000f\000o\000r\000m\000a\000n\000c\000e}{section.3}% 21
\BOOKMARK [2][-]{subsection.3.2}{\376\377\000T\000r\000a\000i\000n\000i\000n\000g\000-\000s\000e\000t\000\040\000f\000i\000t\000\040\000d\000i\000a\000g\000n\000o\000s\000t\000i\000c}{section.3}% 22
\BOOKMARK [2][-]{subsection.3.3}{\376\377\000Z\000e\000r\000o\000-\000s\000h\000o\000t\000\040\000p\000e\000r\000f\000o\000r\000m\000a\000n\000c\000e\000\040\000i\000n\000\040\000u\000n\000s\000e\000e\000n\000\040\000c\000i\000t\000i\000e\000s}{section.3}% 23
\BOOKMARK [2][-]{subsection.3.4}{\376\377\000E\000x\000t\000r\000e\000m\000e\000\040\000e\000v\000e\000n\000t\000\040\000c\000a\000s\000e\000\040\000s\000t\000u\000d\000y}{section.3}% 24
\BOOKMARK [2][-]{subsection.3.5}{\376\377\000A\000b\000l\000a\000t\000i\000o\000n\000\040\000a\000n\000d\000\040\000s\000e\000n\000s\000i\000t\000i\000v\000i\000t\000y\000\040\000a\000n\000a\000l\000y\000s\000e\000s}{section.3}% 25
\BOOKMARK [1][-]{section.4}{\376\377\000D\000i\000s\000c\000u\000s\000s\000i\000o\000n}{}% 26
\BOOKMARK [2][-]{subsection.4.1}{\376\377\000I\000n\000t\000e\000r\000p\000r\000e\000t\000a\000t\000i\000o\000n\000\040\000o\000f\000\040\000k\000e\000y\000\040\000f\000i\000n\000d\000i\000n\000g\000s}{section.4}% 27
\BOOKMARK [2][-]{subsection.4.2}{\376\377\000C\000o\000m\000p\000a\000r\000i\000s\000o\000n\000\040\000w\000i\000t\000h\000\040\000e\000x\000i\000s\000t\000i\000n\000g\000\040\000l\000i\000t\000e\000r\000a\000t\000u\000r\000e}{section.4}% 28
\BOOKMARK [2][-]{subsection.4.3}{\376\377\000P\000u\000b\000l\000i\000c\000-\000h\000e\000a\000l\000t\000h\000\040\000a\000n\000d\000\040\000p\000o\000l\000i\000c\000y\000\040\000i\000m\000p\000l\000i\000c\000a\000t\000i\000o\000n\000s}{section.4}% 29
\BOOKMARK [2][-]{subsection.4.4}{\376\377\000L\000i\000m\000i\000t\000a\000t\000i\000o\000n\000s\000\040\000a\000n\000d\000\040\000f\000u\000t\000u\000r\000e\000\040\000w\000o\000r\000k}{section.4}% 30
\BOOKMARK [1][-]{section.5}{\376\377\000C\000o\000n\000c\000l\000u\000s\000i\000o\000n\000s}{}% 31
